﻿
> whatsapp-appointment-maker@0.0.0 build
> vite build

[36mvite v6.4.1 [32mbuilding for production...[36m[39m
transforming...
[32mΓ£ô[39m 4 modules transformed.
node.exe : [31mΓ£ù[39m 
Build failed in 400ms
At line:1 char:1
+ & "C:\Program 
Files\nodejs/node.exe" 
"C:\Program 
Files\nodejs/node_mo ...
+ ~~~~~~~~~~~~~~~~~~~~~~~~
~~~~~~~~~~~~~~~~~~~~~~~~~~
~~~~~~~~~~~~~~~~~~~
    + CategoryInfo        
      : NotSpecified: (  
  [31mΓ£ù[39m Build fa   
 iled in 400ms:String)    
 [], RemoteException
    + FullyQualifiedError 
   Id : NativeCommandErr  
  or
 
[31merror during build:
[31m[vite:css] [postcss] 
It looks like you're 
trying to use 
`tailwindcss` directly as 
a PostCSS plugin. The 
PostCSS plugin has moved 
to a separate package, so 
to continue using 
Tailwind CSS with PostCSS 
you'll need to install 
`@tailwindcss/postcss` 
and update your PostCSS 
configuration.[31m
file: [36mC:/Users/Asus/D
ocuments/MyApps/whatsapp-a
ppointment-maker/index.css
:undefined:NaN[31m
    at at (C:\Users\Asus\D
ocuments\MyApps\whatsapp-a
ppointment-maker\node_modu
les\tailwindcss\dist\lib.j
s:38:1643)
    at 
LazyResult.runOnRoot (C:\U
sers\Asus\Documents\MyApps
\whatsapp-appointment-make
r\node_modules\postcss\lib
\lazy-result.js:361:16)
    at 
LazyResult.runAsync (C:\Us
ers\Asus\Documents\MyApps\
whatsapp-appointment-maker
\node_modules\postcss\lib\
lazy-result.js:290:26)
    at async runPostCSS (f
ile:///C:/Users/Asus/Docum
ents/MyApps/whatsapp-appoi
ntment-maker/node_modules/
vite/dist/node/chunks/dep-
D4NMHUTW.js:43853:21)
    at async 
compilePostCSS (file:///C:
/Users/Asus/Documents/MyAp
ps/whatsapp-appointment-ma
ker/node_modules/vite/dist
/node/chunks/dep-D4NMHUTW.
js:43823:18)
    at async compileCSS (f
ile:///C:/Users/Asus/Docum
ents/MyApps/whatsapp-appoi
ntment-maker/node_modules/
vite/dist/node/chunks/dep-
D4NMHUTW.js:43678:27)
    at async 
Object.handler (file:///C:
/Users/Asus/Documents/MyAp
ps/whatsapp-appointment-ma
ker/node_modules/vite/dist
/node/chunks/dep-D4NMHUTW.
js:42994:11)
    at async transform (fi
le:///C:/Users/Asus/Docume
nts/MyApps/whatsapp-appoin
tment-maker/node_modules/r
ollup/dist/es/shared/node-
entry.js:21246:16)
    at async ModuleLoader.
addModuleSource (file:///C
:/Users/Asus/Documents/MyA
pps/whatsapp-appointment-m
aker/node_modules/rollup/d
ist/es/shared/node-entry.j
s:21474:36)[39m
